====================
Type='ASSIGN_FIELD_NULLABLE', message='assigning @Nullable expression to @NonNull field'
/home/nima/Developer/nullness-benchmarks/glide/library/src/main/java/com/bumptech/glide/load/engine/DecodeHelper.java:87
    options = null;
Log:
---NullAway.lambda$resolveRemainingErrors$17---
==============================
---NullAway.lambda$resolveRemainingErrors$17---
42 : TOP LEVEL CALL TO FIX ERROR: Type='ASSIGN_FIELD_NULLABLE', message='assigning @Nullable expression to @NonNull field'
/home/nima/Developer/nullness-benchmarks/glide/library/src/main/java/com/bumptech/glide/load/engine/DecodeHelper.java:87
    options = null;
---AdvancedNullAwayCodeFix.fix---
Fixing error: Type='ASSIGN_FIELD_NULLABLE', message='assigning @Nullable expression to @NonNull field'
/home/nima/Developer/nullness-benchmarks/glide/library/src/main/java/com/bumptech/glide/load/engine/DecodeHelper.java:87
    options = null;
---AdvancedNullAwayCodeFix.resolveAssignFieldNullableError---
Resolving assign field nullable error.
---AdvancedNullAwayCodeFix.resolveAssignFieldNullableError---
Making the field nullable.
---AdvancedNullAwayCodeFix.resolveAssignFieldNullableError---
Adding all triggered annotations.
---AdvancedNullAwayCodeFix.resolveAssignFieldNullableError---
Resolving unresolvable errors.
---AdvancedNullAwayCodeFix.resolveAssignFieldNullableError---
Resolving unresolvable error: Type='PASS_NULLABLE', message='passing @Nullable parameter 'options' where @NonNull is required'
/home/nima/Developer/nullness-benchmarks/glide/library/src/main/java/com/bumptech/glide/load/engine/DecodeHelper.java:220
        LoadData<?> current = modelLoader.buildLoadData(model, width, height, options);
---AdvancedNullAwayCodeFix.fix---
Fixing error: Type='PASS_NULLABLE', message='passing @Nullable parameter 'options' where @NonNull is required'
/home/nima/Developer/nullness-benchmarks/glide/library/src/main/java/com/bumptech/glide/load/engine/DecodeHelper.java:220
        LoadData<?> current = modelLoader.buildLoadData(model, width, height, options);
---AdvancedNullAwayCodeFix.fix---
Error type not supported: PASS_NULLABLE. Error message: passing @Nullable parameter 'options' where @NonNull is required
