====================
Type='ASSIGN_FIELD_NULLABLE', message='assigning @Nullable expression to @NonNull field'
/home/nima/Developer/nullness-benchmarks/glide/library/src/main/java/com/bumptech/glide/load/engine/EngineJob.java:307
    key = null;
Log:
---NullAway.lambda$resolveRemainingErrors$17---
==============================
---NullAway.lambda$resolveRemainingErrors$17---
8 : TOP LEVEL CALL TO FIX ERROR: Type='ASSIGN_FIELD_NULLABLE', message='assigning @Nullable expression to @NonNull field'
/home/nima/Developer/nullness-benchmarks/glide/library/src/main/java/com/bumptech/glide/load/engine/EngineJob.java:307
    key = null;
---AdvancedNullAwayCodeFix.fix---
Fixing error: Type='ASSIGN_FIELD_NULLABLE', message='assigning @Nullable expression to @NonNull field'
/home/nima/Developer/nullness-benchmarks/glide/library/src/main/java/com/bumptech/glide/load/engine/EngineJob.java:307
    key = null;
---AdvancedNullAwayCodeFix.resolveAssignFieldNullableError---
Resolving assign field nullable error.
---AdvancedNullAwayCodeFix.resolveAssignFieldNullableError---
Making the field nullable.
---AdvancedNullAwayCodeFix.resolveAssignFieldNullableError---
Adding all triggered annotations.
---AdvancedNullAwayCodeFix.resolveAssignFieldNullableError---
Resolving unresolvable errors.
